2026-05-08 21:53:31,442 [INFO] >>> STEP: Data Loader
2026-05-08 21:53:31,442 [INFO] === DATA LOADER v1 — Actor 2 Mobilités ===
2026-05-08 21:53:31,459 [INFO] Loaded facts → shape: (4389, 19)
2026-05-08 21:53:31,515 [INFO] Loaded dim_temps → shape: (35063, 10)
2026-05-08 21:53:31,566 [INFO] After fact ⊕ dim_temps merge → shape: (4389, 28)
2026-05-08 21:53:31,572 [INFO] annule: pos=78 (1.78%)  neg=4311  total=4389
2026-05-08 21:53:31,574 [INFO] Null counts after load:
stress_1_5    131
2026-05-08 21:53:31,575 [INFO] Final clean shape: (4389, 19)
2026-05-08 21:53:31,578 [INFO]     ✅ Data Loader — 0.1s
2026-05-08 21:53:31,585 [INFO] >>> STEP: Feature Engineering
2026-05-08 21:53:31,585 [INFO] === FEATURE ENGINEERING v1 — Actor 2 Mobilités ===
2026-05-08 21:53:31,593 [INFO] Imputed 'stress_1_5': 131 → 0 nulls
2026-05-08 21:53:31,627 [INFO] Class imbalance: pos=78 neg=4311 → scale_pos_weight=55.27
2026-05-08 21:53:31,661 [INFO] Feature engineering complete. df_ml: (4389, 27)  df_ts: (4388, 3)
2026-05-08 21:53:31,662 [INFO]     ✅ Feature Engineering — 0.1s
2026-05-08 21:53:32,877 [INFO] >>> STEP: Regression (Passenger Load)
2026-05-08 21:53:32,877 [INFO] === REGRESSION — Passenger Load (charge_estimee) ===
2026-05-08 21:53:32,879 [INFO] Regression set: 4389 rows (0 dropped for NaN)
2026-05-08 21:53:32,881 [INFO] Split: train=3511  test=878
2026-05-08 21:53:32,886 [WARNING] Missing features (skipped): {'hour_x_congestion', 'line_charge_mean', 'weekend_x_zone', 'zone_hour_charge'}
2026-05-08 21:53:32,886 [INFO] Training on 9 features: ['zone_encoded', 'line_encoded', 'mode_encoded', 'hour', 'rush_hour', 'is_weekend', 'congestion_index', 'vitesse_kmh', 'temps_trajet_min']
2026-05-08 21:53:32,887 [INFO] 5-Fold CV on training set...
2026-05-08 21:53:34,737 [INFO] CV RMSE: 21.92 ± 0.84
2026-05-08 21:53:34,978 [INFO] [TEST] RMSE=20.30  MAE=16.12  R²=-0.1130
2026-05-08 21:53:34,995 [INFO] Model & encoding saved → outputs/xgboost_charge.pkl
2026-05-08 21:53:35,360 [INFO] Plots saved → outputs/
2026-05-08 21:53:35,360 [INFO]     ✅ Regression (Passenger Load) — 2.5s
2026-05-08 21:53:35,361 [INFO] >>> STEP: Classification (Cancellation)
2026-05-08 21:53:35,361 [INFO] === CLASSIFICATION — Trip Cancellation Risk ===
2026-05-08 21:53:35,363 [INFO] Classification set: 4389 rows
2026-05-08 21:53:35,367 [INFO] Split: train=3511 test=878
2026-05-08 21:53:35,367 [INFO] scale_pos_weight = 55.63  (pos=62 neg=3449)
2026-05-08 21:53:35,645 [INFO] Classification training complete.
2026-05-08 21:53:35,664 [INFO] [TEST @ 0.50] AUC=0.5189  F1=0.0000  Precision=0.0000  Recall=0.0000
2026-05-08 21:53:35,664 [INFO] Confusion matrix (TN,FP / FN,TP): [[849, 13], [16, 0]]
2026-05-08 21:53:35,666 [INFO] Best F1=0.0492 at threshold=0.047
2026-05-08 21:53:35,683 [INFO] Model saved → outputs/xgboost_cancellation.pkl
2026-05-08 21:53:36,025 [INFO] Plots saved → outputs/
2026-05-08 21:53:36,027 [INFO]     ✅ Classification (Cancellation) — 0.7s
2026-05-08 21:53:36,027 [INFO] >>> STEP: Prophet Congestion Forecast
2026-05-08 21:53:36,028 [INFO] === PROPHET — Daily Congestion Forecast ===
2026-05-08 21:53:36,136 [INFO] Fitting Prophet for 10 zones  (horizon=30 days)...
2026-05-08 21:53:36,138 [INFO]   → Zone 1  (475 daily points)
2026-05-08 21:53:37,222 [INFO]     Best changepoint_scale=0.3  holdout MAE=1.0970
2026-05-08 21:53:37,734 [INFO]   → Zone 2  (430 daily points)
2026-05-08 21:53:39,123 [INFO]     Best changepoint_scale=0.3  holdout MAE=0.9529
2026-05-08 21:53:39,633 [INFO]   → Zone 3  (477 daily points)
2026-05-08 21:53:41,117 [INFO]     Best changepoint_scale=0.1  holdout MAE=0.7382
2026-05-08 21:53:41,621 [INFO]   → Zone 4  (414 daily points)
2026-05-08 21:53:42,829 [INFO]     Best changepoint_scale=0.3  holdout MAE=0.7033
2026-05-08 21:53:43,259 [INFO]   → Zone 5  (444 daily points)
2026-05-08 21:53:44,670 [INFO]     Best changepoint_scale=0.3  holdout MAE=1.1452
2026-05-08 21:53:45,188 [INFO]   → Zone 6  (467 daily points)
2026-05-08 21:53:46,627 [INFO]     Best changepoint_scale=0.1  holdout MAE=0.7556
2026-05-08 21:53:47,121 [INFO]   → Zone 7  (419 daily points)
2026-05-08 21:53:48,316 [INFO]     Best changepoint_scale=0.3  holdout MAE=0.9816
2026-05-08 21:53:48,822 [INFO]   → Zone 8  (415 daily points)
2026-05-08 21:53:50,125 [INFO]     Best changepoint_scale=0.1  holdout MAE=0.6724
2026-05-08 21:53:50,604 [INFO]   → Zone 9  (399 daily points)
2026-05-08 21:53:51,815 [INFO]     Best changepoint_scale=0.05  holdout MAE=0.8365
2026-05-08 21:53:52,201 [INFO]   → Zone 10  (448 daily points)
2026-05-08 21:53:53,429 [INFO]     Best changepoint_scale=0.1  holdout MAE=0.6887
2026-05-08 21:53:53,919 [INFO] Saved 4688 rows to outputs/forecast_congestion.csv (189 future rows)
2026-05-08 21:53:53,919 [INFO] Mean holdout MAE across zones: 0.8571
2026-05-08 21:53:53,920 [INFO]     ✅ Prophet Congestion Forecast — 17.9s
2026-05-08 21:53:53,921 [INFO] >>> STEP: Evaluation
2026-05-08 21:53:53,921 [INFO] Starting central evaluation for Actor 2...
2026-05-08 21:53:53,995 [INFO] [Regression] RMSE=20.30  MAE=16.12  R²=-0.1130
2026-05-08 21:53:54,067 [INFO] [Classification] AUC=0.5189  F1=0.0000  Precision=0.0000  Recall=0.0000
2026-05-08 21:53:54,083 [INFO] [Prophet] 10 zones, 4688 forecast rows
2026-05-08 21:53:54,085 [INFO] [KPI] Taux de Ponctualité = 98.2228%  (78/4389 cancelled)
2026-05-08 21:53:54,087 [INFO] Evaluation complete. Report saved → outputs/metrics_report.json
2026-05-08 21:53:54,088 [INFO]     ✅ Evaluation — 0.2s
2026-05-08 21:53:54,089 [INFO] >>> STEP: Export Predictions
2026-05-08 21:53:54,089 [INFO] === EXPORT PREDICTIONS — Actor 2 ===
2026-05-08 21:53:54,154 [INFO]   ✅ outputs/load_predictions.csv  (4389 rows)
2026-05-08 21:53:54,189 [INFO]   ✅ outputs/cancellation_risk.csv  (4389 rows)
2026-05-08 21:53:54,191 [INFO]      Risk distribution: {'Low': np.int64(3977), 'Medium': np.int64(304), 'High': np.int64(108)}
2026-05-08 21:53:54,196 [INFO]   ✅ outputs/forecast_congestion.csv already exists (4688 rows)
2026-05-08 21:53:54,196 [INFO] Export complete.
2026-05-08 21:53:54,197 [INFO]     ✅ Export Predictions — 0.1s
